../Core/Src/main.c:119:6:HMC5883L_Init	24	static
../Core/Src/main.c:140:6:HMC5883L_ReadData	48	static
../Core/Src/main.c:152:6:USART_SendInt	24	static
../Core/Src/main.c:164:5:main	48	static
../Core/Src/main.c:261:6:SystemClock_Config	96	static
../Core/Src/main.c:305:13:MX_I2C1_Init	8	static
../Core/Src/main.c:353:13:MX_I2C2_Init	8	static
../Core/Src/main.c:401:13:MX_I2C3_Init	8	static
../Core/Src/main.c:449:13:MX_USART2_UART_Init	8	static
../Core/Src/main.c:484:13:MX_GPIO_Init	48	static
../Core/Src/main.c:520:6:Error_Handler	4	static,ignoring_inline_asm
